Archive member included because of file (symbol)

c:/program files (x86)/atmel/atmel studio 6.0/extensions/atmel/avrgcc/3.4.1.81/avrtoolchain/bin/../lib/gcc/avr/4.6.2/avrxmega2\libgcc.a(_exit.o)
                              c:/program files (x86)/atmel/atmel studio 6.0/extensions/atmel/avrgcc/3.4.1.81/avrtoolchain/bin/../lib/gcc/avr/4.6.2/../../../../avr/lib/avrxmega2/crtx32a4u.o (exit)
c:/program files (x86)/atmel/atmel studio 6.0/extensions/atmel/avrgcc/3.4.1.81/avrtoolchain/bin/../lib/gcc/avr/4.6.2/avrxmega2\libgcc.a(_copy_data.o)
                              src/adc.o (__do_copy_data)
c:/program files (x86)/atmel/atmel studio 6.0/extensions/atmel/avrgcc/3.4.1.81/avrtoolchain/bin/../lib/gcc/avr/4.6.2/avrxmega2\libgcc.a(_clear_bss.o)
                              src/adc.o (__do_clear_bss)
c:/program files (x86)/atmel/atmel studio 6.0/extensions/atmel/avrgcc/3.4.1.81/avrtoolchain/bin/../lib/gcc/avr/4.6.2/../../../../avr/lib/avrxmega2\libc.a(iob.o)
                              src/HAB-LDS-AVR.o (__iob)
c:/program files (x86)/atmel/atmel studio 6.0/extensions/atmel/avrgcc/3.4.1.81/avrtoolchain/bin/../lib/gcc/avr/4.6.2/../../../../avr/lib/avrxmega2\libc.a(printf.o)
                              src/HAB-LDS-AVR.o (printf)
c:/program files (x86)/atmel/atmel studio 6.0/extensions/atmel/avrgcc/3.4.1.81/avrtoolchain/bin/../lib/gcc/avr/4.6.2/../../../../avr/lib/avrxmega2\libc.a(vfprintf_std.o)
                              c:/program files (x86)/atmel/atmel studio 6.0/extensions/atmel/avrgcc/3.4.1.81/avrtoolchain/bin/../lib/gcc/avr/4.6.2/../../../../avr/lib/avrxmega2\libc.a(printf.o) (vfprintf)
c:/program files (x86)/atmel/atmel studio 6.0/extensions/atmel/avrgcc/3.4.1.81/avrtoolchain/bin/../lib/gcc/avr/4.6.2/../../../../avr/lib/avrxmega2\libc.a(strnlen_P.o)
                              c:/program files (x86)/atmel/atmel studio 6.0/extensions/atmel/avrgcc/3.4.1.81/avrtoolchain/bin/../lib/gcc/avr/4.6.2/../../../../avr/lib/avrxmega2\libc.a(vfprintf_std.o) (strnlen_P)
c:/program files (x86)/atmel/atmel studio 6.0/extensions/atmel/avrgcc/3.4.1.81/avrtoolchain/bin/../lib/gcc/avr/4.6.2/../../../../avr/lib/avrxmega2\libc.a(strnlen.o)
                              c:/program files (x86)/atmel/atmel studio 6.0/extensions/atmel/avrgcc/3.4.1.81/avrtoolchain/bin/../lib/gcc/avr/4.6.2/../../../../avr/lib/avrxmega2\libc.a(vfprintf_std.o) (strnlen)
c:/program files (x86)/atmel/atmel studio 6.0/extensions/atmel/avrgcc/3.4.1.81/avrtoolchain/bin/../lib/gcc/avr/4.6.2/../../../../avr/lib/avrxmega2\libc.a(fputc.o)
                              c:/program files (x86)/atmel/atmel studio 6.0/extensions/atmel/avrgcc/3.4.1.81/avrtoolchain/bin/../lib/gcc/avr/4.6.2/../../../../avr/lib/avrxmega2\libc.a(vfprintf_std.o) (fputc)
c:/program files (x86)/atmel/atmel studio 6.0/extensions/atmel/avrgcc/3.4.1.81/avrtoolchain/bin/../lib/gcc/avr/4.6.2/../../../../avr/lib/avrxmega2\libc.a(ultoa_invert.o)
                              c:/program files (x86)/atmel/atmel studio 6.0/extensions/atmel/avrgcc/3.4.1.81/avrtoolchain/bin/../lib/gcc/avr/4.6.2/../../../../avr/lib/avrxmega2\libc.a(vfprintf_std.o) (__ultoa_invert)
c:/program files (x86)/atmel/atmel studio 6.0/extensions/atmel/avrgcc/3.4.1.81/avrtoolchain/bin/../lib/gcc/avr/4.6.2/avrxmega2\libgcc.a(_prologue.o)
                              c:/program files (x86)/atmel/atmel studio 6.0/extensions/atmel/avrgcc/3.4.1.81/avrtoolchain/bin/../lib/gcc/avr/4.6.2/../../../../avr/lib/avrxmega2\libc.a(printf.o) (__prologue_saves__)
c:/program files (x86)/atmel/atmel studio 6.0/extensions/atmel/avrgcc/3.4.1.81/avrtoolchain/bin/../lib/gcc/avr/4.6.2/avrxmega2\libgcc.a(_epilogue.o)
                              c:/program files (x86)/atmel/atmel studio 6.0/extensions/atmel/avrgcc/3.4.1.81/avrtoolchain/bin/../lib/gcc/avr/4.6.2/../../../../avr/lib/avrxmega2\libc.a(printf.o) (__epilogue_restores__)

Allocating common symbols
Common symbol       size              file

__iob               0x6               c:/program files (x86)/atmel/atmel studio 6.0/extensions/atmel/avrgcc/3.4.1.81/avrtoolchain/bin/../lib/gcc/avr/4.6.2/../../../../avr/lib/avrxmega2\libc.a(iob.o)

Memory Configuration

Name             Origin             Length             Attributes
text             0x00000000         0x00100000         xr
data             0x00802000         0x0000ffa0         rw !x
eeprom           0x00810000         0x00010000         rw !x
fuse             0x00820000         0x00000400         rw !x
lock             0x00830000         0x00000400         rw !x
signature        0x00840000         0x00000400         rw !x
*default*        0x00000000         0xffffffff

Linker script and memory map

LOAD c:/program files (x86)/atmel/atmel studio 6.0/extensions/atmel/avrgcc/3.4.1.81/avrtoolchain/bin/../lib/gcc/avr/4.6.2/../../../../avr/lib/avrxmega2/crtx32a4u.o
LOAD src/adc.o
LOAD src/bluetooth.o
LOAD src/HAB-LDS-AVR.o
LOAD src/lcd.o
LOAD src/sd.o
START GROUP
LOAD c:/program files (x86)/atmel/atmel studio 6.0/extensions/atmel/avrgcc/3.4.1.81/avrtoolchain/bin/../lib/gcc/avr/4.6.2/../../../../avr/lib/avrxmega2\libm.a
END GROUP
LOAD c:/program files (x86)/atmel/atmel studio 6.0/extensions/atmel/avrgcc/3.4.1.81/avrtoolchain/bin/../lib/gcc/avr/4.6.2/avrxmega2\libgcc.a
LOAD c:/program files (x86)/atmel/atmel studio 6.0/extensions/atmel/avrgcc/3.4.1.81/avrtoolchain/bin/../lib/gcc/avr/4.6.2/../../../../avr/lib/avrxmega2\libc.a
LOAD c:/program files (x86)/atmel/atmel studio 6.0/extensions/atmel/avrgcc/3.4.1.81/avrtoolchain/bin/../lib/gcc/avr/4.6.2/avrxmega2\libgcc.a

.hash
 *(.hash)

.dynsym
 *(.dynsym)

.dynstr
 *(.dynstr)

.gnu.version
 *(.gnu.version)

.gnu.version_d
 *(.gnu.version_d)

.gnu.version_r
 *(.gnu.version_r)

.rel.init
 *(.rel.init)

.rela.init
 *(.rela.init)

.rel.text
 *(.rel.text)
 *(.rel.text.*)
 *(.rel.gnu.linkonce.t*)

.rela.text
 *(.rela.text)
 *(.rela.text.*)
 *(.rela.gnu.linkonce.t*)

.rel.fini
 *(.rel.fini)

.rela.fini
 *(.rela.fini)

.rel.rodata
 *(.rel.rodata)
 *(.rel.rodata.*)
 *(.rel.gnu.linkonce.r*)

.rela.rodata
 *(.rela.rodata)
 *(.rela.rodata.*)
 *(.rela.gnu.linkonce.r*)

.rel.data
 *(.rel.data)
 *(.rel.data.*)
 *(.rel.gnu.linkonce.d*)

.rela.data
 *(.rela.data)
 *(.rela.data.*)
 *(.rela.gnu.linkonce.d*)

.rel.ctors
 *(.rel.ctors)

.rela.ctors
 *(.rela.ctors)

.rel.dtors
 *(.rel.dtors)

.rela.dtors
 *(.rela.dtors)

.rel.got
 *(.rel.got)

.rela.got
 *(.rela.got)

.rel.bss
 *(.rel.bss)

.rela.bss
 *(.rela.bss)

.rel.plt
 *(.rel.plt)

.rela.plt
 *(.rela.plt)

.text           0x00000000      0x87c
 *(.vectors)
 .vectors       0x00000000      0x1fc c:/program files (x86)/atmel/atmel studio 6.0/extensions/atmel/avrgcc/3.4.1.81/avrtoolchain/bin/../lib/gcc/avr/4.6.2/../../../../avr/lib/avrxmega2/crtx32a4u.o
                0x00000000                __vector_default
                0x00000000                __vectors
 *(.vectors)
 *(.progmem.gcc*)
 *(.progmem*)
                0x000001fc                . = ALIGN (0x2)
                0x000001fc                __trampolines_start = .
 *(.trampolines)
 .trampolines   0x000001fc        0x0 linker stubs
 *(.trampolines*)
                0x000001fc                __trampolines_end = .
 *(.jumptables)
 *(.jumptables*)
 *(.lowtext)
 *(.lowtext*)
                0x000001fc                __ctors_start = .
 *(.ctors)
                0x000001fc                __ctors_end = .
                0x000001fc                __dtors_start = .
 *(.dtors)
                0x000001fc                __dtors_end = .
 SORT(*)(.ctors)
 SORT(*)(.dtors)
 *(.init0)
 .init0         0x000001fc        0x0 c:/program files (x86)/atmel/atmel studio 6.0/extensions/atmel/avrgcc/3.4.1.81/avrtoolchain/bin/../lib/gcc/avr/4.6.2/../../../../avr/lib/avrxmega2/crtx32a4u.o
                0x000001fc                __init
 *(.init0)
 *(.init1)
 *(.init1)
 *(.init2)
 .init2         0x000001fc        0xc c:/program files (x86)/atmel/atmel studio 6.0/extensions/atmel/avrgcc/3.4.1.81/avrtoolchain/bin/../lib/gcc/avr/4.6.2/../../../../avr/lib/avrxmega2/crtx32a4u.o
 *(.init2)
 *(.init3)
 *(.init3)
 *(.init4)
 .init4         0x00000208       0x16 c:/program files (x86)/atmel/atmel studio 6.0/extensions/atmel/avrgcc/3.4.1.81/avrtoolchain/bin/../lib/gcc/avr/4.6.2/avrxmega2\libgcc.a(_copy_data.o)
                0x00000208                __do_copy_data
 .init4         0x0000021e       0x10 c:/program files (x86)/atmel/atmel studio 6.0/extensions/atmel/avrgcc/3.4.1.81/avrtoolchain/bin/../lib/gcc/avr/4.6.2/avrxmega2\libgcc.a(_clear_bss.o)
                0x0000021e                __do_clear_bss
 *(.init4)
 *(.init5)
 *(.init5)
 *(.init6)
 *(.init6)
 *(.init7)
 *(.init7)
 *(.init8)
 *(.init8)
 *(.init9)
 .init9         0x0000022e        0x8 c:/program files (x86)/atmel/atmel studio 6.0/extensions/atmel/avrgcc/3.4.1.81/avrtoolchain/bin/../lib/gcc/avr/4.6.2/../../../../avr/lib/avrxmega2/crtx32a4u.o
 *(.init9)
 *(.text)
 .text          0x00000236        0x4 c:/program files (x86)/atmel/atmel studio 6.0/extensions/atmel/avrgcc/3.4.1.81/avrtoolchain/bin/../lib/gcc/avr/4.6.2/../../../../avr/lib/avrxmega2/crtx32a4u.o
                0x00000236                __vector_38
                0x00000236                __vector_104
                0x00000236                __vector_22
                0x00000236                __vector_63
                0x00000236                __vector_28
                0x00000236                __vector_67
                0x00000236                __vector_1
                0x00000236                __vector_119
                0x00000236                __vector_32
                0x00000236                __vector_75
                0x00000236                __vector_71
                0x00000236                __vector_91
                0x00000236                __vector_34
                0x00000236                __vector_62
                0x00000236                __vector_77
                0x00000236                __vector_102
                0x00000236                __vector_24
                0x00000236                __vector_12
                0x00000236                __vector_55
                0x00000236                __vector_69
                0x00000236                __vector_81
                0x00000236                __vector_90
                0x00000236                __vector_46
                0x00000236                __bad_interrupt
                0x00000236                __vector_122
                0x00000236                __vector_72
                0x00000236                __vector_114
                0x00000236                __vector_6
                0x00000236                __vector_110
                0x00000236                __vector_31
                0x00000236                __vector_92
                0x00000236                __vector_35
                0x00000236                __vector_78
                0x00000236                __vector_74
                0x00000236                __vector_117
                0x00000236                __vector_39
                0x00000236                __vector_107
                0x00000236                __vector_3
                0x00000236                __vector_105
                0x00000236                __vector_98
                0x00000236                __vector_23
                0x00000236                __vector_68
                0x00000236                __vector_30
                0x00000236                __vector_73
                0x00000236                __vector_45
                0x00000236                __vector_25
                0x00000236                __vector_93
                0x00000236                __vector_61
                0x00000236                __vector_11
                0x00000236                __vector_54
                0x00000236                __vector_99
                0x00000236                __vector_13
                0x00000236                __vector_17
                0x00000236                __vector_19
                0x00000236                __vector_56
                0x00000236                __vector_7
                0x00000236                __vector_125
                0x00000236                __vector_49
                0x00000236                __vector_123
                0x00000236                __vector_41
                0x00000236                __vector_86
                0x00000236                __vector_100
                0x00000236                __vector_101
                0x00000236                __vector_64
                0x00000236                __vector_88
                0x00000236                __vector_109
                0x00000236                __vector_43
                0x00000236                __vector_27
                0x00000236                __vector_5
                0x00000236                __vector_113
                0x00000236                __vector_33
                0x00000236                __vector_76
                0x00000236                __vector_115
                0x00000236                __vector_47
                0x00000236                __vector_52
                0x00000236                __vector_37
                0x00000236                __vector_95
                0x00000236                __vector_103
                0x00000236                __vector_96
                0x00000236                __vector_89
                0x00000236                __vector_108
                0x00000236                __vector_4
                0x00000236                __vector_44
                0x00000236                __vector_82
                0x00000236                __vector_106
                0x00000236                __vector_118
                0x00000236                __vector_51
                0x00000236                __vector_9
                0x00000236                __vector_2
                0x00000236                __vector_21
                0x00000236                __vector_15
                0x00000236                __vector_66
                0x00000236                __vector_36
                0x00000236                __vector_79
                0x00000236                __vector_58
                0x00000236                __vector_70
                0x00000236                __vector_83
                0x00000236                __vector_29
                0x00000236                __vector_60
                0x00000236                __vector_121
                0x00000236                __vector_40
                0x00000236                __vector_85
                0x00000236                __vector_94
                0x00000236                __vector_126
                0x00000236                __vector_8
                0x00000236                __vector_26
                0x00000236                __vector_48
                0x00000236                __vector_124
                0x00000236                __vector_116
                0x00000236                __vector_112
                0x00000236                __vector_111
                0x00000236                __vector_80
                0x00000236                __vector_14
                0x00000236                __vector_84
                0x00000236                __vector_57
                0x00000236                __vector_53
                0x00000236                __vector_10
                0x00000236                __vector_50
                0x00000236                __vector_16
                0x00000236                __vector_59
                0x00000236                __vector_18
                0x00000236                __vector_97
                0x00000236                __vector_20
                0x00000236                __vector_42
                0x00000236                __vector_87
                0x00000236                __vector_65
                0x00000236                __vector_120
 .text          0x0000023a       0x12 src/adc.o
                0x0000023a                init_adc
 .text          0x0000024c        0x0 src/bluetooth.o
 .text          0x0000024c       0x22 src/HAB-LDS-AVR.o
                0x0000024c                clock_init
 .text          0x0000026e       0x52 src/lcd.o
                0x0000026e                USARTC0_init
                0x0000029c                lcd_init
                0x0000029e                USARTC0_putchar
                0x000002b0                USARTC0_getchar
 .text          0x000002c0        0x0 src/sd.o
 .text          0x000002c0        0x0 c:/program files (x86)/atmel/atmel studio 6.0/extensions/atmel/avrgcc/3.4.1.81/avrtoolchain/bin/../lib/gcc/avr/4.6.2/avrxmega2\libgcc.a(_exit.o)
 .text          0x000002c0        0x0 c:/program files (x86)/atmel/atmel studio 6.0/extensions/atmel/avrgcc/3.4.1.81/avrtoolchain/bin/../lib/gcc/avr/4.6.2/avrxmega2\libgcc.a(_copy_data.o)
 .text          0x000002c0        0x0 c:/program files (x86)/atmel/atmel studio 6.0/extensions/atmel/avrgcc/3.4.1.81/avrtoolchain/bin/../lib/gcc/avr/4.6.2/avrxmega2\libgcc.a(_clear_bss.o)
 .text          0x000002c0        0x0 c:/program files (x86)/atmel/atmel studio 6.0/extensions/atmel/avrgcc/3.4.1.81/avrtoolchain/bin/../lib/gcc/avr/4.6.2/../../../../avr/lib/avrxmega2\libc.a(iob.o)
 .text          0x000002c0        0x0 c:/program files (x86)/atmel/atmel studio 6.0/extensions/atmel/avrgcc/3.4.1.81/avrtoolchain/bin/../lib/gcc/avr/4.6.2/../../../../avr/lib/avrxmega2\libc.a(printf.o)
 .text          0x000002c0        0x0 c:/program files (x86)/atmel/atmel studio 6.0/extensions/atmel/avrgcc/3.4.1.81/avrtoolchain/bin/../lib/gcc/avr/4.6.2/../../../../avr/lib/avrxmega2\libc.a(vfprintf_std.o)
 .text          0x000002c0        0x0 c:/program files (x86)/atmel/atmel studio 6.0/extensions/atmel/avrgcc/3.4.1.81/avrtoolchain/bin/../lib/gcc/avr/4.6.2/../../../../avr/lib/avrxmega2\libc.a(strnlen_P.o)
 .text          0x000002c0        0x0 c:/program files (x86)/atmel/atmel studio 6.0/extensions/atmel/avrgcc/3.4.1.81/avrtoolchain/bin/../lib/gcc/avr/4.6.2/../../../../avr/lib/avrxmega2\libc.a(strnlen.o)
 .text          0x000002c0        0x0 c:/program files (x86)/atmel/atmel studio 6.0/extensions/atmel/avrgcc/3.4.1.81/avrtoolchain/bin/../lib/gcc/avr/4.6.2/../../../../avr/lib/avrxmega2\libc.a(fputc.o)
 .text          0x000002c0        0x0 c:/program files (x86)/atmel/atmel studio 6.0/extensions/atmel/avrgcc/3.4.1.81/avrtoolchain/bin/../lib/gcc/avr/4.6.2/../../../../avr/lib/avrxmega2\libc.a(ultoa_invert.o)
 .text          0x000002c0        0x0 c:/program files (x86)/atmel/atmel studio 6.0/extensions/atmel/avrgcc/3.4.1.81/avrtoolchain/bin/../lib/gcc/avr/4.6.2/avrxmega2\libgcc.a(_prologue.o)
 .text          0x000002c0        0x0 c:/program files (x86)/atmel/atmel studio 6.0/extensions/atmel/avrgcc/3.4.1.81/avrtoolchain/bin/../lib/gcc/avr/4.6.2/avrxmega2\libgcc.a(_epilogue.o)
                0x000002c0                . = ALIGN (0x2)
 *(.text.*)
 .text.startup  0x000002c0       0x30 src/HAB-LDS-AVR.o
                0x000002c0                main
 .text.libgcc   0x000002f0        0x0 c:/program files (x86)/atmel/atmel studio 6.0/extensions/atmel/avrgcc/3.4.1.81/avrtoolchain/bin/../lib/gcc/avr/4.6.2/avrxmega2\libgcc.a(_exit.o)
 .text.libgcc   0x000002f0        0x0 c:/program files (x86)/atmel/atmel studio 6.0/extensions/atmel/avrgcc/3.4.1.81/avrtoolchain/bin/../lib/gcc/avr/4.6.2/avrxmega2\libgcc.a(_copy_data.o)
 .text.libgcc   0x000002f0        0x0 c:/program files (x86)/atmel/atmel studio 6.0/extensions/atmel/avrgcc/3.4.1.81/avrtoolchain/bin/../lib/gcc/avr/4.6.2/avrxmega2\libgcc.a(_clear_bss.o)
 .text.avr-libc
                0x000002f0       0x2a c:/program files (x86)/atmel/atmel studio 6.0/extensions/atmel/avrgcc/3.4.1.81/avrtoolchain/bin/../lib/gcc/avr/4.6.2/../../../../avr/lib/avrxmega2\libc.a(printf.o)
                0x000002f0                printf
 .text.avr-libc
                0x0000031a      0x3bc c:/program files (x86)/atmel/atmel studio 6.0/extensions/atmel/avrgcc/3.4.1.81/avrtoolchain/bin/../lib/gcc/avr/4.6.2/../../../../avr/lib/avrxmega2\libc.a(vfprintf_std.o)
                0x0000031a                vfprintf
 .text.avr-libc
                0x000006d6       0x16 c:/program files (x86)/atmel/atmel studio 6.0/extensions/atmel/avrgcc/3.4.1.81/avrtoolchain/bin/../lib/gcc/avr/4.6.2/../../../../avr/lib/avrxmega2\libc.a(strnlen_P.o)
                0x000006d6                strnlen_P
 .text.avr-libc
                0x000006ec       0x16 c:/program files (x86)/atmel/atmel studio 6.0/extensions/atmel/avrgcc/3.4.1.81/avrtoolchain/bin/../lib/gcc/avr/4.6.2/../../../../avr/lib/avrxmega2\libc.a(strnlen.o)
                0x000006ec                strnlen
 .text.avr-libc
                0x00000702       0x58 c:/program files (x86)/atmel/atmel studio 6.0/extensions/atmel/avrgcc/3.4.1.81/avrtoolchain/bin/../lib/gcc/avr/4.6.2/../../../../avr/lib/avrxmega2\libc.a(fputc.o)
                0x00000702                fputc
 .text.avr-libc
                0x0000075a       0xbc c:/program files (x86)/atmel/atmel studio 6.0/extensions/atmel/avrgcc/3.4.1.81/avrtoolchain/bin/../lib/gcc/avr/4.6.2/../../../../avr/lib/avrxmega2\libc.a(ultoa_invert.o)
                0x0000075a                __ultoa_invert
 .text.libgcc   0x00000816       0x32 c:/program files (x86)/atmel/atmel studio 6.0/extensions/atmel/avrgcc/3.4.1.81/avrtoolchain/bin/../lib/gcc/avr/4.6.2/avrxmega2\libgcc.a(_prologue.o)
                0x00000816                __prologue_saves__
 .text.libgcc   0x00000848       0x30 c:/program files (x86)/atmel/atmel studio 6.0/extensions/atmel/avrgcc/3.4.1.81/avrtoolchain/bin/../lib/gcc/avr/4.6.2/avrxmega2\libgcc.a(_epilogue.o)
                0x00000848                __epilogue_restores__
                0x00000878                . = ALIGN (0x2)
 *(.fini9)
 .fini9         0x00000878        0x0 c:/program files (x86)/atmel/atmel studio 6.0/extensions/atmel/avrgcc/3.4.1.81/avrtoolchain/bin/../lib/gcc/avr/4.6.2/avrxmega2\libgcc.a(_exit.o)
                0x00000878                _exit
                0x00000878                exit
 *(.fini9)
 *(.fini8)
 *(.fini8)
 *(.fini7)
 *(.fini7)
 *(.fini6)
 *(.fini6)
 *(.fini5)
 *(.fini5)
 *(.fini4)
 *(.fini4)
 *(.fini3)
 *(.fini3)
 *(.fini2)
 *(.fini2)
 *(.fini1)
 *(.fini1)
 *(.fini0)
 .fini0         0x00000878        0x4 c:/program files (x86)/atmel/atmel studio 6.0/extensions/atmel/avrgcc/3.4.1.81/avrtoolchain/bin/../lib/gcc/avr/4.6.2/avrxmega2\libgcc.a(_exit.o)
 *(.fini0)
                0x0000087c                _etext = .

.data           0x00802000       0x1c load address 0x0000087c
                0x00802000                PROVIDE (__data_start, .)
 *(.data)
 .data          0x00802000        0x0 c:/program files (x86)/atmel/atmel studio 6.0/extensions/atmel/avrgcc/3.4.1.81/avrtoolchain/bin/../lib/gcc/avr/4.6.2/../../../../avr/lib/avrxmega2/crtx32a4u.o
 .data          0x00802000        0x0 src/adc.o
 .data          0x00802000        0x0 src/bluetooth.o
 .data          0x00802000       0x1c src/HAB-LDS-AVR.o
 .data          0x0080201c        0x0 src/lcd.o
 .data          0x0080201c        0x0 src/sd.o
 .data          0x0080201c        0x0 c:/program files (x86)/atmel/atmel studio 6.0/extensions/atmel/avrgcc/3.4.1.81/avrtoolchain/bin/../lib/gcc/avr/4.6.2/avrxmega2\libgcc.a(_exit.o)
 .data          0x0080201c        0x0 c:/program files (x86)/atmel/atmel studio 6.0/extensions/atmel/avrgcc/3.4.1.81/avrtoolchain/bin/../lib/gcc/avr/4.6.2/avrxmega2\libgcc.a(_copy_data.o)
 .data          0x0080201c        0x0 c:/program files (x86)/atmel/atmel studio 6.0/extensions/atmel/avrgcc/3.4.1.81/avrtoolchain/bin/../lib/gcc/avr/4.6.2/avrxmega2\libgcc.a(_clear_bss.o)
 .data          0x0080201c        0x0 c:/program files (x86)/atmel/atmel studio 6.0/extensions/atmel/avrgcc/3.4.1.81/avrtoolchain/bin/../lib/gcc/avr/4.6.2/../../../../avr/lib/avrxmega2\libc.a(iob.o)
 .data          0x0080201c        0x0 c:/program files (x86)/atmel/atmel studio 6.0/extensions/atmel/avrgcc/3.4.1.81/avrtoolchain/bin/../lib/gcc/avr/4.6.2/../../../../avr/lib/avrxmega2\libc.a(printf.o)
 .data          0x0080201c        0x0 c:/program files (x86)/atmel/atmel studio 6.0/extensions/atmel/avrgcc/3.4.1.81/avrtoolchain/bin/../lib/gcc/avr/4.6.2/../../../../avr/lib/avrxmega2\libc.a(vfprintf_std.o)
 .data          0x0080201c        0x0 c:/program files (x86)/atmel/atmel studio 6.0/extensions/atmel/avrgcc/3.4.1.81/avrtoolchain/bin/../lib/gcc/avr/4.6.2/../../../../avr/lib/avrxmega2\libc.a(strnlen_P.o)
 .data          0x0080201c        0x0 c:/program files (x86)/atmel/atmel studio 6.0/extensions/atmel/avrgcc/3.4.1.81/avrtoolchain/bin/../lib/gcc/avr/4.6.2/../../../../avr/lib/avrxmega2\libc.a(strnlen.o)
 .data          0x0080201c        0x0 c:/program files (x86)/atmel/atmel studio 6.0/extensions/atmel/avrgcc/3.4.1.81/avrtoolchain/bin/../lib/gcc/avr/4.6.2/../../../../avr/lib/avrxmega2\libc.a(fputc.o)
 .data          0x0080201c        0x0 c:/program files (x86)/atmel/atmel studio 6.0/extensions/atmel/avrgcc/3.4.1.81/avrtoolchain/bin/../lib/gcc/avr/4.6.2/../../../../avr/lib/avrxmega2\libc.a(ultoa_invert.o)
 .data          0x0080201c        0x0 c:/program files (x86)/atmel/atmel studio 6.0/extensions/atmel/avrgcc/3.4.1.81/avrtoolchain/bin/../lib/gcc/avr/4.6.2/avrxmega2\libgcc.a(_prologue.o)
 .data          0x0080201c        0x0 c:/program files (x86)/atmel/atmel studio 6.0/extensions/atmel/avrgcc/3.4.1.81/avrtoolchain/bin/../lib/gcc/avr/4.6.2/avrxmega2\libgcc.a(_epilogue.o)
 *(.data*)
 *(.rodata)
 *(.rodata*)
 *(.gnu.linkonce.d*)
                0x0080201c                . = ALIGN (0x2)
                0x0080201c                _edata = .
                0x0080201c                PROVIDE (__data_end, .)

.bss            0x0080201c        0x6
                0x0080201c                PROVIDE (__bss_start, .)
 *(.bss)
 .bss           0x0080201c        0x0 c:/program files (x86)/atmel/atmel studio 6.0/extensions/atmel/avrgcc/3.4.1.81/avrtoolchain/bin/../lib/gcc/avr/4.6.2/../../../../avr/lib/avrxmega2/crtx32a4u.o
 .bss           0x0080201c        0x0 src/adc.o
 .bss           0x0080201c        0x0 src/bluetooth.o
 .bss           0x0080201c        0x0 src/HAB-LDS-AVR.o
 .bss           0x0080201c        0x0 src/lcd.o
 .bss           0x0080201c        0x0 src/sd.o
 .bss           0x0080201c        0x0 c:/program files (x86)/atmel/atmel studio 6.0/extensions/atmel/avrgcc/3.4.1.81/avrtoolchain/bin/../lib/gcc/avr/4.6.2/avrxmega2\libgcc.a(_exit.o)
 .bss           0x0080201c        0x0 c:/program files (x86)/atmel/atmel studio 6.0/extensions/atmel/avrgcc/3.4.1.81/avrtoolchain/bin/../lib/gcc/avr/4.6.2/avrxmega2\libgcc.a(_copy_data.o)
 .bss           0x0080201c        0x0 c:/program files (x86)/atmel/atmel studio 6.0/extensions/atmel/avrgcc/3.4.1.81/avrtoolchain/bin/../lib/gcc/avr/4.6.2/avrxmega2\libgcc.a(_clear_bss.o)
 .bss           0x0080201c        0x0 c:/program files (x86)/atmel/atmel studio 6.0/extensions/atmel/avrgcc/3.4.1.81/avrtoolchain/bin/../lib/gcc/avr/4.6.2/../../../../avr/lib/avrxmega2\libc.a(iob.o)
 .bss           0x0080201c        0x0 c:/program files (x86)/atmel/atmel studio 6.0/extensions/atmel/avrgcc/3.4.1.81/avrtoolchain/bin/../lib/gcc/avr/4.6.2/../../../../avr/lib/avrxmega2\libc.a(printf.o)
 .bss           0x0080201c        0x0 c:/program files (x86)/atmel/atmel studio 6.0/extensions/atmel/avrgcc/3.4.1.81/avrtoolchain/bin/../lib/gcc/avr/4.6.2/../../../../avr/lib/avrxmega2\libc.a(vfprintf_std.o)
 .bss           0x0080201c        0x0 c:/program files (x86)/atmel/atmel studio 6.0/extensions/atmel/avrgcc/3.4.1.81/avrtoolchain/bin/../lib/gcc/avr/4.6.2/../../../../avr/lib/avrxmega2\libc.a(strnlen_P.o)
 .bss           0x0080201c        0x0 c:/program files (x86)/atmel/atmel studio 6.0/extensions/atmel/avrgcc/3.4.1.81/avrtoolchain/bin/../lib/gcc/avr/4.6.2/../../../../avr/lib/avrxmega2\libc.a(strnlen.o)
 .bss           0x0080201c        0x0 c:/program files (x86)/atmel/atmel studio 6.0/extensions/atmel/avrgcc/3.4.1.81/avrtoolchain/bin/../lib/gcc/avr/4.6.2/../../../../avr/lib/avrxmega2\libc.a(fputc.o)
 .bss           0x0080201c        0x0 c:/program files (x86)/atmel/atmel studio 6.0/extensions/atmel/avrgcc/3.4.1.81/avrtoolchain/bin/../lib/gcc/avr/4.6.2/../../../../avr/lib/avrxmega2\libc.a(ultoa_invert.o)
 .bss           0x0080201c        0x0 c:/program files (x86)/atmel/atmel studio 6.0/extensions/atmel/avrgcc/3.4.1.81/avrtoolchain/bin/../lib/gcc/avr/4.6.2/avrxmega2\libgcc.a(_prologue.o)
 .bss           0x0080201c        0x0 c:/program files (x86)/atmel/atmel studio 6.0/extensions/atmel/avrgcc/3.4.1.81/avrtoolchain/bin/../lib/gcc/avr/4.6.2/avrxmega2\libgcc.a(_epilogue.o)
 *(.bss*)
 *(COMMON)
 COMMON         0x0080201c        0x6 c:/program files (x86)/atmel/atmel studio 6.0/extensions/atmel/avrgcc/3.4.1.81/avrtoolchain/bin/../lib/gcc/avr/4.6.2/../../../../avr/lib/avrxmega2\libc.a(iob.o)
                0x0080201c                __iob
                0x00802022                PROVIDE (__bss_end, .)
                0x0000087c                __data_load_start = LOADADDR (.data)
                0x00000898                __data_load_end = (__data_load_start + SIZEOF (.data))

.noinit         0x00802022        0x0
                0x00802022                PROVIDE (__noinit_start, .)
 *(.noinit*)
                0x00802022                PROVIDE (__noinit_end, .)
                0x00802022                _end = .
                0x00802022                PROVIDE (__heap_start, .)

.eeprom         0x00810000        0x0
 *(.eeprom*)
                0x00810000                __eeprom_end = .

.fuse
 *(.fuse)
 *(.lfuse)
 *(.hfuse)
 *(.efuse)

.lock
 *(.lock*)

.signature
 *(.signature*)

.stab           0x00000000      0xc84
 *(.stab)
 .stab          0x00000000      0x6cc c:/program files (x86)/atmel/atmel studio 6.0/extensions/atmel/avrgcc/3.4.1.81/avrtoolchain/bin/../lib/gcc/avr/4.6.2/../../../../avr/lib/avrxmega2/crtx32a4u.o
 .stab          0x000006cc       0x9c c:/program files (x86)/atmel/atmel studio 6.0/extensions/atmel/avrgcc/3.4.1.81/avrtoolchain/bin/../lib/gcc/avr/4.6.2/../../../../avr/lib/avrxmega2\libc.a(strnlen_P.o)
                                 0xa8 (size before relaxing)
 .stab          0x00000768       0x9c c:/program files (x86)/atmel/atmel studio 6.0/extensions/atmel/avrgcc/3.4.1.81/avrtoolchain/bin/../lib/gcc/avr/4.6.2/../../../../avr/lib/avrxmega2\libc.a(strnlen.o)
                                 0xa8 (size before relaxing)
 .stab          0x00000804      0x480 c:/program files (x86)/atmel/atmel studio 6.0/extensions/atmel/avrgcc/3.4.1.81/avrtoolchain/bin/../lib/gcc/avr/4.6.2/../../../../avr/lib/avrxmega2\libc.a(ultoa_invert.o)
                                0x48c (size before relaxing)

.stabstr        0x00000000      0x1b6
 *(.stabstr)
 .stabstr       0x00000000      0x1b6 c:/program files (x86)/atmel/atmel studio 6.0/extensions/atmel/avrgcc/3.4.1.81/avrtoolchain/bin/../lib/gcc/avr/4.6.2/../../../../avr/lib/avrxmega2/crtx32a4u.o

.stab.excl
 *(.stab.excl)

.stab.exclstr
 *(.stab.exclstr)

.stab.index
 *(.stab.index)

.stab.indexstr
 *(.stab.indexstr)

.comment
 *(.comment)

.debug
 *(.debug)

.line
 *(.line)

.debug_srcinfo
 *(.debug_srcinfo)

.debug_sfnames
 *(.debug_sfnames)

.debug_aranges  0x00000000      0x100
 *(.debug_aranges)
 .debug_aranges
                0x00000000       0x20 c:/program files (x86)/atmel/atmel studio 6.0/extensions/atmel/avrgcc/3.4.1.81/avrtoolchain/bin/../lib/gcc/avr/4.6.2/avrxmega2\libgcc.a(_exit.o)
 .debug_aranges
                0x00000020       0x20 c:/program files (x86)/atmel/atmel studio 6.0/extensions/atmel/avrgcc/3.4.1.81/avrtoolchain/bin/../lib/gcc/avr/4.6.2/avrxmega2\libgcc.a(_copy_data.o)
 .debug_aranges
                0x00000040       0x20 c:/program files (x86)/atmel/atmel studio 6.0/extensions/atmel/avrgcc/3.4.1.81/avrtoolchain/bin/../lib/gcc/avr/4.6.2/avrxmega2\libgcc.a(_clear_bss.o)
 .debug_aranges
                0x00000060       0x20 c:/program files (x86)/atmel/atmel studio 6.0/extensions/atmel/avrgcc/3.4.1.81/avrtoolchain/bin/../lib/gcc/avr/4.6.2/../../../../avr/lib/avrxmega2\libc.a(printf.o)
 .debug_aranges
                0x00000080       0x20 c:/program files (x86)/atmel/atmel studio 6.0/extensions/atmel/avrgcc/3.4.1.81/avrtoolchain/bin/../lib/gcc/avr/4.6.2/../../../../avr/lib/avrxmega2\libc.a(vfprintf_std.o)
 .debug_aranges
                0x000000a0       0x20 c:/program files (x86)/atmel/atmel studio 6.0/extensions/atmel/avrgcc/3.4.1.81/avrtoolchain/bin/../lib/gcc/avr/4.6.2/../../../../avr/lib/avrxmega2\libc.a(fputc.o)
 .debug_aranges
                0x000000c0       0x20 c:/program files (x86)/atmel/atmel studio 6.0/extensions/atmel/avrgcc/3.4.1.81/avrtoolchain/bin/../lib/gcc/avr/4.6.2/avrxmega2\libgcc.a(_prologue.o)
 .debug_aranges
                0x000000e0       0x20 c:/program files (x86)/atmel/atmel studio 6.0/extensions/atmel/avrgcc/3.4.1.81/avrtoolchain/bin/../lib/gcc/avr/4.6.2/avrxmega2\libgcc.a(_epilogue.o)

.debug_pubnames
 *(.debug_pubnames)

.debug_info     0x00000000      0xc28
 *(.debug_info)
 .debug_info    0x00000000       0xe2 c:/program files (x86)/atmel/atmel studio 6.0/extensions/atmel/avrgcc/3.4.1.81/avrtoolchain/bin/../lib/gcc/avr/4.6.2/avrxmega2\libgcc.a(_exit.o)
 .debug_info    0x000000e2       0xe2 c:/program files (x86)/atmel/atmel studio 6.0/extensions/atmel/avrgcc/3.4.1.81/avrtoolchain/bin/../lib/gcc/avr/4.6.2/avrxmega2\libgcc.a(_copy_data.o)
 .debug_info    0x000001c4       0xe2 c:/program files (x86)/atmel/atmel studio 6.0/extensions/atmel/avrgcc/3.4.1.81/avrtoolchain/bin/../lib/gcc/avr/4.6.2/avrxmega2\libgcc.a(_clear_bss.o)
 .debug_info    0x000002a6      0x14f c:/program files (x86)/atmel/atmel studio 6.0/extensions/atmel/avrgcc/3.4.1.81/avrtoolchain/bin/../lib/gcc/avr/4.6.2/../../../../avr/lib/avrxmega2\libc.a(iob.o)
 .debug_info    0x000003f5      0x1c6 c:/program files (x86)/atmel/atmel studio 6.0/extensions/atmel/avrgcc/3.4.1.81/avrtoolchain/bin/../lib/gcc/avr/4.6.2/../../../../avr/lib/avrxmega2\libc.a(printf.o)
 .debug_info    0x000005bb      0x342 c:/program files (x86)/atmel/atmel studio 6.0/extensions/atmel/avrgcc/3.4.1.81/avrtoolchain/bin/../lib/gcc/avr/4.6.2/../../../../avr/lib/avrxmega2\libc.a(vfprintf_std.o)
 .debug_info    0x000008fd      0x167 c:/program files (x86)/atmel/atmel studio 6.0/extensions/atmel/avrgcc/3.4.1.81/avrtoolchain/bin/../lib/gcc/avr/4.6.2/../../../../avr/lib/avrxmega2\libc.a(fputc.o)
 .debug_info    0x00000a64       0xe2 c:/program files (x86)/atmel/atmel studio 6.0/extensions/atmel/avrgcc/3.4.1.81/avrtoolchain/bin/../lib/gcc/avr/4.6.2/avrxmega2\libgcc.a(_prologue.o)
 .debug_info    0x00000b46       0xe2 c:/program files (x86)/atmel/atmel studio 6.0/extensions/atmel/avrgcc/3.4.1.81/avrtoolchain/bin/../lib/gcc/avr/4.6.2/avrxmega2\libgcc.a(_epilogue.o)
 *(.gnu.linkonce.wi.*)

.debug_abbrev   0x00000000      0x47f
 *(.debug_abbrev)
 .debug_abbrev  0x00000000       0x14 c:/program files (x86)/atmel/atmel studio 6.0/extensions/atmel/avrgcc/3.4.1.81/avrtoolchain/bin/../lib/gcc/avr/4.6.2/avrxmega2\libgcc.a(_exit.o)
 .debug_abbrev  0x00000014       0x14 c:/program files (x86)/atmel/atmel studio 6.0/extensions/atmel/avrgcc/3.4.1.81/avrtoolchain/bin/../lib/gcc/avr/4.6.2/avrxmega2\libgcc.a(_copy_data.o)
 .debug_abbrev  0x00000028       0x14 c:/program files (x86)/atmel/atmel studio 6.0/extensions/atmel/avrgcc/3.4.1.81/avrtoolchain/bin/../lib/gcc/avr/4.6.2/avrxmega2\libgcc.a(_clear_bss.o)
 .debug_abbrev  0x0000003c       0xc5 c:/program files (x86)/atmel/atmel studio 6.0/extensions/atmel/avrgcc/3.4.1.81/avrtoolchain/bin/../lib/gcc/avr/4.6.2/../../../../avr/lib/avrxmega2\libc.a(iob.o)
 .debug_abbrev  0x00000101      0x11c c:/program files (x86)/atmel/atmel studio 6.0/extensions/atmel/avrgcc/3.4.1.81/avrtoolchain/bin/../lib/gcc/avr/4.6.2/../../../../avr/lib/avrxmega2\libc.a(printf.o)
 .debug_abbrev  0x0000021d      0x161 c:/program files (x86)/atmel/atmel studio 6.0/extensions/atmel/avrgcc/3.4.1.81/avrtoolchain/bin/../lib/gcc/avr/4.6.2/../../../../avr/lib/avrxmega2\libc.a(vfprintf_std.o)
 .debug_abbrev  0x0000037e       0xd9 c:/program files (x86)/atmel/atmel studio 6.0/extensions/atmel/avrgcc/3.4.1.81/avrtoolchain/bin/../lib/gcc/avr/4.6.2/../../../../avr/lib/avrxmega2\libc.a(fputc.o)
 .debug_abbrev  0x00000457       0x14 c:/program files (x86)/atmel/atmel studio 6.0/extensions/atmel/avrgcc/3.4.1.81/avrtoolchain/bin/../lib/gcc/avr/4.6.2/avrxmega2\libgcc.a(_prologue.o)
 .debug_abbrev  0x0000046b       0x14 c:/program files (x86)/atmel/atmel studio 6.0/extensions/atmel/avrgcc/3.4.1.81/avrtoolchain/bin/../lib/gcc/avr/4.6.2/avrxmega2\libgcc.a(_epilogue.o)

.debug_line     0x00000000      0x86f
 *(.debug_line)
 .debug_line    0x00000000       0x88 c:/program files (x86)/atmel/atmel studio 6.0/extensions/atmel/avrgcc/3.4.1.81/avrtoolchain/bin/../lib/gcc/avr/4.6.2/avrxmega2\libgcc.a(_exit.o)
 .debug_line    0x00000088       0x91 c:/program files (x86)/atmel/atmel studio 6.0/extensions/atmel/avrgcc/3.4.1.81/avrtoolchain/bin/../lib/gcc/avr/4.6.2/avrxmega2\libgcc.a(_copy_data.o)
 .debug_line    0x00000119       0x8e c:/program files (x86)/atmel/atmel studio 6.0/extensions/atmel/avrgcc/3.4.1.81/avrtoolchain/bin/../lib/gcc/avr/4.6.2/avrxmega2\libgcc.a(_clear_bss.o)
 .debug_line    0x000001a7       0xc7 c:/program files (x86)/atmel/atmel studio 6.0/extensions/atmel/avrgcc/3.4.1.81/avrtoolchain/bin/../lib/gcc/avr/4.6.2/../../../../avr/lib/avrxmega2\libc.a(iob.o)
 .debug_line    0x0000026e      0x151 c:/program files (x86)/atmel/atmel studio 6.0/extensions/atmel/avrgcc/3.4.1.81/avrtoolchain/bin/../lib/gcc/avr/4.6.2/../../../../avr/lib/avrxmega2\libc.a(printf.o)
 .debug_line    0x000003bf      0x290 c:/program files (x86)/atmel/atmel studio 6.0/extensions/atmel/avrgcc/3.4.1.81/avrtoolchain/bin/../lib/gcc/avr/4.6.2/../../../../avr/lib/avrxmega2\libc.a(vfprintf_std.o)
 .debug_line    0x0000064f       0xe1 c:/program files (x86)/atmel/atmel studio 6.0/extensions/atmel/avrgcc/3.4.1.81/avrtoolchain/bin/../lib/gcc/avr/4.6.2/../../../../avr/lib/avrxmega2\libc.a(fputc.o)
 .debug_line    0x00000730       0xa1 c:/program files (x86)/atmel/atmel studio 6.0/extensions/atmel/avrgcc/3.4.1.81/avrtoolchain/bin/../lib/gcc/avr/4.6.2/avrxmega2\libgcc.a(_prologue.o)
 .debug_line    0x000007d1       0x9e c:/program files (x86)/atmel/atmel studio 6.0/extensions/atmel/avrgcc/3.4.1.81/avrtoolchain/bin/../lib/gcc/avr/4.6.2/avrxmega2\libgcc.a(_epilogue.o)

.debug_frame    0x00000000       0xb0
 *(.debug_frame)
 .debug_frame   0x00000000       0x2c c:/program files (x86)/atmel/atmel studio 6.0/extensions/atmel/avrgcc/3.4.1.81/avrtoolchain/bin/../lib/gcc/avr/4.6.2/../../../../avr/lib/avrxmega2\libc.a(printf.o)
 .debug_frame   0x0000002c       0x4c c:/program files (x86)/atmel/atmel studio 6.0/extensions/atmel/avrgcc/3.4.1.81/avrtoolchain/bin/../lib/gcc/avr/4.6.2/../../../../avr/lib/avrxmega2\libc.a(vfprintf_std.o)
 .debug_frame   0x00000078       0x38 c:/program files (x86)/atmel/atmel studio 6.0/extensions/atmel/avrgcc/3.4.1.81/avrtoolchain/bin/../lib/gcc/avr/4.6.2/../../../../avr/lib/avrxmega2\libc.a(fputc.o)

.debug_str      0x00000000      0x225
 *(.debug_str)
 .debug_str     0x00000000       0xb9 c:/program files (x86)/atmel/atmel studio 6.0/extensions/atmel/avrgcc/3.4.1.81/avrtoolchain/bin/../lib/gcc/avr/4.6.2/../../../../avr/lib/avrxmega2\libc.a(iob.o)
                                 0xf2 (size before relaxing)
 .debug_str     0x000000b9       0x72 c:/program files (x86)/atmel/atmel studio 6.0/extensions/atmel/avrgcc/3.4.1.81/avrtoolchain/bin/../lib/gcc/avr/4.6.2/../../../../avr/lib/avrxmega2\libc.a(printf.o)
                                0x125 (size before relaxing)
 .debug_str     0x0000012b       0xa4 c:/program files (x86)/atmel/atmel studio 6.0/extensions/atmel/avrgcc/3.4.1.81/avrtoolchain/bin/../lib/gcc/avr/4.6.2/../../../../avr/lib/avrxmega2\libc.a(vfprintf_std.o)
                                0x16b (size before relaxing)
 .debug_str     0x000001cf       0x56 c:/program files (x86)/atmel/atmel studio 6.0/extensions/atmel/avrgcc/3.4.1.81/avrtoolchain/bin/../lib/gcc/avr/4.6.2/../../../../avr/lib/avrxmega2\libc.a(fputc.o)
                                 0xfb (size before relaxing)

.debug_loc      0x00000000      0x5b5
 *(.debug_loc)
 .debug_loc     0x00000000       0x21 c:/program files (x86)/atmel/atmel studio 6.0/extensions/atmel/avrgcc/3.4.1.81/avrtoolchain/bin/../lib/gcc/avr/4.6.2/../../../../avr/lib/avrxmega2\libc.a(printf.o)
 .debug_loc     0x00000021      0x4fb c:/program files (x86)/atmel/atmel studio 6.0/extensions/atmel/avrgcc/3.4.1.81/avrtoolchain/bin/../lib/gcc/avr/4.6.2/../../../../avr/lib/avrxmega2\libc.a(vfprintf_std.o)
 .debug_loc     0x0000051c       0x99 c:/program files (x86)/atmel/atmel studio 6.0/extensions/atmel/avrgcc/3.4.1.81/avrtoolchain/bin/../lib/gcc/avr/4.6.2/../../../../avr/lib/avrxmega2\libc.a(fputc.o)

.debug_macinfo
 *(.debug_macinfo)
OUTPUT(HAB-LDS-AVR.elf elf32-avr)
LOAD linker stubs

.debug_ranges   0x00000000       0x30
 .debug_ranges  0x00000000       0x10 c:/program files (x86)/atmel/atmel studio 6.0/extensions/atmel/avrgcc/3.4.1.81/avrtoolchain/bin/../lib/gcc/avr/4.6.2/../../../../avr/lib/avrxmega2\libc.a(printf.o)
 .debug_ranges  0x00000010       0x10 c:/program files (x86)/atmel/atmel studio 6.0/extensions/atmel/avrgcc/3.4.1.81/avrtoolchain/bin/../lib/gcc/avr/4.6.2/../../../../avr/lib/avrxmega2\libc.a(vfprintf_std.o)
 .debug_ranges  0x00000020       0x10 c:/program files (x86)/atmel/atmel studio 6.0/extensions/atmel/avrgcc/3.4.1.81/avrtoolchain/bin/../lib/gcc/avr/4.6.2/../../../../avr/lib/avrxmega2\libc.a(fputc.o)
